Flutter crash report.
Please report a bug at https://github.com/flutter/flutter/issues.

## command

flutter run -d web-server --web-port 9600 --dart-define=API_BASE_URL=http://localhost:8051 --dart-define=FRONTEND_ORIGIN=http://localhost:9600

## exception

SocketException: SocketException: Error event raised in event handler : error condition has been reset, port = 0

```
#0      _NativeSocket.multiplex (dart:io-patch/socket_patch.dart:1735:30)
#1      _RawReceivePort._handleMessage (dart:isolate-patch/isolate_patch.dart:193:12)
```

## flutter doctor

```
[✓] Flutter (Channel stable, 3.41.6, on Ubuntu 24.04.4 LTS 6.17.0-29-generic, locale en_US.UTF-8)
    [56ms]
    • Flutter version 3.41.6 on channel stable at /home/ravi/snap/flutter/common/flutter
    • Upstream repository https://github.com/flutter/flutter.git
    • Framework revision db50e20168 (9 weeks ago), 2026-03-25 16:21:00 -0700
    • Engine revision 425cfb54d0
    • Dart version 3.11.4
    • DevTools version 2.54.2
    • Feature flags: enable-web, enable-linux-desktop, enable-macos-desktop, enable-windows-desktop,
      enable-android, enable-ios, cli-animations, enable-native-assets, omit-legacy-version-file,
      enable-lldb-debugging, enable-uiscene-migration

[✓] Android toolchain - develop for Android devices (Android SDK version 36.1.0) [2.2s]
    • Android SDK at /home/ravi/Android/Sdk
    • Emulator version 36.5.10.0 (build_id 15081367) (CL:N/A)
    • Platform android-36, build-tools 36.1.0
    • Java binary at: /snap/android-studio/209/jbr/bin/java
      This is the JDK bundled with the latest Android Studio installation on this machine.
      To manually set the JDK path, use: `flutter config --jdk-dir="path/to/jdk"`.
    • Java version OpenJDK Runtime Environment (build 21.0.7+-13880790-b1038.58)
    • All Android licenses accepted.

[✓] Chrome - develop for the web [6ms]
    • Chrome at google-chrome

[✓] Linux toolchain - develop for Linux desktop [5.3s]
    • clang version 10.0.0-4ubuntu1
    • cmake version 3.16.3
    • ninja version 1.10.0
    • pkg-config version 0.29.1
    • OpenGL core renderer: llvmpipe (LLVM 20.1.2, 256 bits)
    • OpenGL core version: 4.5 (Core Profile) Mesa 25.2.8-0ubuntu0.24.04.1
    • OpenGL core shading language version: 4.50
    • OpenGL ES renderer: llvmpipe (LLVM 20.1.2, 256 bits)
    • OpenGL ES version: OpenGL ES 3.2 Mesa 25.2.8-0ubuntu0.24.04.1
    • OpenGL ES shading language version: OpenGL ES GLSL ES 3.20
    • GL_EXT_framebuffer_blit: yes
    • GL_EXT_texture_format_BGRA8888: yes

[✓] Connected device (3 available) [104ms]
    • Linux (desktop)  • linux      • linux-x64      • Ubuntu 24.04.4 LTS 6.17.0-29-generic
    • Web Server (web) • web-server • web-javascript • Flutter Tools
    • Chrome (web)     • chrome     • web-javascript • Google Chrome 148.0.7778.178

[✓] Network resources [492ms]
    • All expected network resources are available.

• No issues found!
```
