00:00 +0: loading /home/programmer/Desktop/frontend/test/widget_test.dart                                                                                                                              00:01 +0: loading /home/programmer/Desktop/frontend/test/widget_test.dart                                                                                                                              00:01 +0: Dashboard smoke test                                                                                                                                                                         00:01 +0: Dashboard smoke test                                                                                                                                                                         
══╡ EXCEPTION CAUGHT BY RENDERING LIBRARY ╞═════════════════════════════════════════════════════════
The following assertion was thrown during layout:
A RenderFlex overflowed by 1.4 pixels on the bottom.

The relevant error-causing widget was:
  Column Column:file:///home/programmer/Desktop/frontend/lib/main.dart:402:16

The overflowing RenderFlex has an orientation of Axis.vertical.
The edge of the RenderFlex that is overflowing has been marked in the rendering with a yellow and
black striped pattern. This is usually caused by the contents being too big for the RenderFlex.
Consider applying a flex factor (e.g. using an Expanded widget) to force the children of the
RenderFlex to fit within the available space instead of being sized to their natural size.
This is considered an error condition because it indicates that there is content that cannot be
seen. If the content is legitimately bigger than the available space, consider clipping it with a
ClipRect widget before putting it in the flex, or using a scrollable container rather than a Flex,
like a ListView.
The specific RenderFlex in question is: RenderFlex#5f39c OVERFLOWING:
  creator: Column ← Padding ← SizedBox.expand ← Padding ← DecoratedBox ← ConstrainedBox ← Container ←
    CustomPaint ← Stack ← ClipRRect ← Padding ← DecoratedBox ← ⋯
  parentData: offset=Offset(20.0, 20.0) (can use size)
  constraints: BoxConstraints(w=196.0, h=128.6)
  size: Size(196.0, 128.6)
  direction: vertical
  mainAxisAlignment: start
  mainAxisSize: max
  crossAxisAlignment: start
  textDirection: ltr
  verticalDirection: down
  spacing: 0.0
◢◤◢◤◢◤◢◤◢◤◢◤◢◤◢◤◢◤◢◤◢◤◢◤◢◤◢◤◢◤◢◤◢◤◢◤◢◤◢◤◢◤◢◤◢◤◢◤◢◤◢◤◢◤◢◤◢◤◢◤◢◤◢◤◢◤◢◤◢◤◢◤◢◤◢◤◢◤◢◤◢◤◢◤◢◤◢◤◢◤◢◤◢◤◢◤◢◤◢◤
════════════════════════════════════════════════════════════════════════════════════════════════════
══╡ EXCEPTION CAUGHT BY RENDERING LIBRARY ╞═════════════════════════════════════════════════════════
The following assertion was thrown during layout:
A RenderFlex overflowed by 1.4 pixels on the bottom.

The relevant error-causing widget was:
  Column Column:file:///home/programmer/Desktop/frontend/lib/main.dart:402:16

The overflowing RenderFlex has an orientation of Axis.vertical.
The edge of the RenderFlex that is overflowing has been marked in the rendering with a yellow and
black striped pattern. This is usually caused by the contents being too big for the RenderFlex.
Consider applying a flex factor (e.g. using an Expanded widget) to force the children of the
RenderFlex to fit within the available space instead of being sized to their natural size.
This is considered an error condition because it indicates that there is content that cannot be
seen. If the content is legitimately bigger than the available space, consider clipping it with a
ClipRect widget before putting it in the flex, or using a scrollable container rather than a Flex,
like a ListView.
The specific RenderFlex in question is: RenderFlex#b962f OVERFLOWING:
  creator: Column ← Padding ← SizedBox.expand ← Padding ← DecoratedBox ← ConstrainedBox ← Container ←
    CustomPaint ← Stack ← ClipRRect ← Padding ← DecoratedBox ← ⋯
  parentData: offset=Offset(20.0, 20.0) (can use size)
  constraints: BoxConstraints(w=196.0, h=128.6)
  size: Size(196.0, 128.6)
  direction: vertical
  mainAxisAlignment: start
  mainAxisSize: max
  crossAxisAlignment: start
  textDirection: ltr
  verticalDirection: down
  spacing: 0.0
◢◤◢◤◢◤◢◤◢◤◢◤◢◤◢◤◢◤◢◤◢◤◢◤◢◤◢◤◢◤◢◤◢◤◢◤◢◤◢◤◢◤◢◤◢◤◢◤◢◤◢◤◢◤◢◤◢◤◢◤◢◤◢◤◢◤◢◤◢◤◢◤◢◤◢◤◢◤◢◤◢◤◢◤◢◤◢◤◢◤◢◤◢◤◢◤◢◤◢◤
════════════════════════════════════════════════════════════════════════════════════════════════════
══╡ EXCEPTION CAUGHT BY FLUTTER TEST FRAMEWORK ╞════════════════════════════════════════════════════
The following message was thrown:
Multiple exceptions (2) were detected during the running of the current test, and at least one was
unexpected.
════════════════════════════════════════════════════════════════════════════════════════════════════
00:01 +0 -1: Dashboard smoke test [E]                                                                                                                                                                  
  Test failed. See exception logs above.
  The test description was: Dashboard smoke test
  

To run this test again: /home/programmer/snap/flutter/common/flutter/bin/cache/dart-sdk/bin/dart test /home/programmer/Desktop/frontend/test/widget_test.dart -p vm --plain-name 'Dashboard smoke test'
00:02 +0 -1: Some tests failed.                                                                                                                                                                        
